./qb/dim-common-dynamic-1.o
./qb/dim-common-dynamic-2.o
./qb/file_open_com.o
./qb/file_open_lpt.o
./qb/limits-qb.o
./qb/literal_types.o
./qb/redim-common-dynamic-1.o
./qb/redim-common-dynamic-2.o
./qb/redim-deftype-vs-astype-different-1.o
./qb/redim-deftype-vs-astype-different-2.o
./qb/redim-deftype-vs-astype-same-1.o
./qb/redim-deftype-vs-astype-same-2.o
./qb/redim-deftype-vs-suffix-different-1.o
./qb/redim-deftype-vs-suffix-different-2.o
./qb/redim-deftype-vs-suffix-same-1.o
./qb/redim-deftype-vs-suffix-same-2.o
./qb/redim-suffix-vs-astype-different-1.o
./qb/redim-suffix-vs-astype-different-2.o
./qb/redim-suffix-vs-astype-same-1.o
./qb/redim-suffix-vs-astype-same-2.o
./qb/short-to-long.o
./qb/suffixes.o
./qb/type-default-common.o
./qb/type-default-dim-shared.o
./qb/type-default-dim.o
./qb/type-default-redim-shared.o
./qb/type-default-redim.o
./qb/type-defint-redim.o
./qb/type-suffix-common-2.o
./qb/type-suffix-common.o
./qb/type-suffix-dim-shared.o
./qb/type-suffix-dim.o
./qb/type-suffix-redim-shared.o
./qb/type-suffix-redim.o
./qb/dupdef-dim-common-dynamic.o
./qb/dupdef-dim-dynamic-1.o
./qb/dupdef-dim-dynamic-2.o
./qb/dupdef-dim-dynamic-3.o
./qb/dupdef-redim-common-dynamic.o
./qb/dupdef-redim-deftype-1.o
./qb/dupdef-redim-deftype-2.o
./qb/dupdef-redim-deftype-3.o
./qb/dupdef-redim-suffix-1.o
./qb/dupdef-redim-suffix-2.o
./qb/dupdef-redim-suffix-3.o
./qb/extern-with-subscripts-option-dynamic-1.o
./qb/extern-with-subscripts-option-dynamic-2.o
./qb/file_open_com_fail.o
./qb/file_open_cons_fail.o
./qb/file_open_lpt_fail.o
./qb/file_open_scrn_fail.o
./qb/len-refuses-types.o
./qb/scope_block.o
./qb/select-code-before-case-1.o
./qb/select-code-before-case-2.o
./qb/type-suffixtype-vs-different-astype-redim.o
./qb/type-suffixtype-vs-matching-astype-redim.o
./qb/align_qb.o
./qb/call.o
./qb/command-sweep.o
./qb/data.o
./qb/def.o
./qb/extern-option-dynamic.o
./qb/file_open.o
./qb/file_open_cons.o
./qb/file_open_scrn.o
./qb/gfxlib-command-sweep.o
./qb/literal_sizes.o
./qb/local-suffixvar-overrides-shared-suffixvar.o
./qb/mkcv.o
./qb/offsetof.o
./qb/qbtypes.o
./qb/redim-staticlocals-1.o
./qb/redim-staticlocals-2.o
./qb/redim-suffix.o
./qb/rnd.o
./qb/static-and-option-dynamic.o
./qb/str.o
./qb/suffixes2.o
