./pretest/compile_only_ok.o
./boolean/boolean-bop-types.o
./comments/multiline.o
./comments/singleline.o
./compound/if-temporary-const-string.o
./const/assign-any-const-ptr-ptr-from-any-const-ptr-ptr.o
./const/assign-any-const-ptr-ptr-from-any-ptr-ptr.o
./const/assign-any-const-ptr-ptr-from-any-ptr.o
./const/assign-any-const-ptr-ptr-from-const-any-ptr.o
./const/assign-any-const-ptr-ptr-from-const-ubyte-ptr.o
./const/assign-any-const-ptr-ptr-from-ubyte-const-ptr-ptr.o
./const/assign-any-const-ptr-ptr-from-ubyte-ptr-ptr.o
./const/assign-any-const-ptr-ptr-from-ubyte-ptr.o
./const/assign-any-ptr-from-any-ptr-ptr.o
./const/assign-any-ptr-from-any-ptr.o
./const/assign-any-ptr-from-const-any-ptr-ptr.o
./const/assign-any-ptr-from-const-ubyte-ptr-ptr.o
./const/assign-any-ptr-from-ubyte-ptr-ptr.o
./const/assign-any-ptr-from-ubyte-ptr.o
./const/assign-any-ptr-ptr-from-any-ptr-ptr.o
./const/assign-any-ptr-ptr-from-any-ptr.o
./const/assign-any-ptr-ptr-from-ubyte-ptr-ptr.o
./const/assign-any-ptr-ptr-from-ubyte-ptr.o
./const/assign-byte-const-ptr-ptr-from-const-ubyte-ptr.o
./const/assign-byte-const-ptr-ptr-from-ubyte-const-ptr-ptr.o
./const/assign-byte-const-ptr-ptr-from-ubyte-ptr-ptr.o
./const/assign-byte-const-ptr-ptr-from-ubyte-ptr.o
./const/assign-byte-ptr-from-const-ubyte-ptr-ptr.o
./const/assign-byte-ptr-from-ubyte-ptr-ptr.o
./const/assign-byte-ptr-from-ubyte-ptr.o
./const/assign-byte-ptr-ptr-from-ubyte-ptr-ptr.o
./const/assign-byte-ptr-ptr-from-ubyte-ptr.o
./const/assign-const-any-const-ptr-ptr-from-any-const-ptr-ptr.o
./const/assign-const-any-const-ptr-ptr-from-any-ptr-ptr.o
./const/assign-const-any-const-ptr-ptr-from-any-ptr.o
./const/assign-const-any-const-ptr-ptr-from-const-any-const-ptr-ptr.o
./const/assign-const-any-const-ptr-ptr-from-const-any-ptr-ptr.o
./const/assign-const-any-const-ptr-ptr-from-const-any-ptr.o
./const/assign-const-any-const-ptr-ptr-from-const-ubyte-const-ptr-ptr.o
./const/assign-const-any-const-ptr-ptr-from-const-ubyte-ptr-ptr.o
./const/assign-const-any-const-ptr-ptr-from-const-ubyte-ptr.o
./const/assign-const-any-const-ptr-ptr-from-ubyte-const-ptr-ptr.o
./const/assign-const-any-const-ptr-ptr-from-ubyte-ptr-ptr.o
./const/assign-const-any-const-ptr-ptr-from-ubyte-ptr.o
./const/assign-const-any-ptr-from-any-const-ptr-ptr.o
./const/assign-const-any-ptr-from-any-ptr-ptr.o
./const/assign-const-any-ptr-from-any-ptr.o
./const/assign-const-any-ptr-from-const-any-const-ptr-ptr.o
./const/assign-const-any-ptr-from-const-any-ptr-ptr.o
./const/assign-const-any-ptr-from-const-any-ptr.o
./const/assign-const-any-ptr-from-const-ubyte-const-ptr-ptr.o
./const/assign-const-any-ptr-from-const-ubyte-ptr-ptr.o
./const/assign-const-any-ptr-from-const-ubyte-ptr.o
./const/assign-const-any-ptr-from-ubyte-const-ptr-ptr.o
./const/assign-const-any-ptr-from-ubyte-ptr-ptr.o
./const/assign-const-any-ptr-from-ubyte-ptr.o
./const/assign-const-any-ptr-ptr-from-any-ptr-ptr.o
./const/assign-const-any-ptr-ptr-from-any-ptr.o
./const/assign-const-any-ptr-ptr-from-const-any-ptr-ptr.o
./const/assign-const-any-ptr-ptr-from-const-ubyte-ptr-ptr.o
./const/assign-const-any-ptr-ptr-from-ubyte-ptr-ptr.o
./const/assign-const-any-ptr-ptr-from-ubyte-ptr.o
./const/assign-const-byte-const-ptr-ptr-from-const-ubyte-const-ptr-ptr.o
./const/assign-const-byte-const-ptr-ptr-from-const-ubyte-ptr-ptr.o
./const/assign-const-byte-const-ptr-ptr-from-const-ubyte-ptr.o
./const/assign-const-byte-const-ptr-ptr-from-ubyte-const-ptr-ptr.o
./const/assign-const-byte-const-ptr-ptr-from-ubyte-ptr-ptr.o
./const/assign-const-byte-const-ptr-ptr-from-ubyte-ptr.o
./const/assign-const-byte-ptr-from-const-ubyte-const-ptr-ptr.o
./const/assign-const-byte-ptr-from-const-ubyte-ptr-ptr.o
./const/assign-const-byte-ptr-from-const-ubyte-ptr.o
./const/assign-const-byte-ptr-from-ubyte-const-ptr-ptr.o
./const/assign-const-byte-ptr-from-ubyte-ptr-ptr.o
./const/assign-const-byte-ptr-from-ubyte-ptr.o
./const/assign-const-byte-ptr-ptr-from-const-ubyte-ptr-ptr.o
./const/assign-const-byte-ptr-ptr-from-ubyte-ptr-ptr.o
./const/assign-const-byte-ptr-ptr-from-ubyte-ptr.o
./const/assign-const-from-const.o
./const/assign-const-from-nonconst.o
./const/assign-const-ubyte-const-ptr-ptr-from-any-const-ptr-ptr.o
./const/assign-const-ubyte-const-ptr-ptr-from-any-ptr-ptr.o
./const/assign-const-ubyte-const-ptr-ptr-from-any-ptr.o
./const/assign-const-ubyte-const-ptr-ptr-from-const-any-const-ptr-ptr.o
./const/assign-const-ubyte-const-ptr-ptr-from-const-any-ptr-ptr.o
./const/assign-const-ubyte-const-ptr-ptr-from-const-any-ptr.o
./const/assign-const-ubyte-const-ptr-ptr-from-const-ubyte-const-ptr-ptr.o
./const/assign-const-ubyte-const-ptr-ptr-from-const-ubyte-ptr-ptr.o
./const/assign-const-ubyte-const-ptr-ptr-from-const-ubyte-ptr.o
./const/assign-const-ubyte-const-ptr-ptr-from-ubyte-const-ptr-ptr.o
./const/assign-const-ubyte-const-ptr-ptr-from-ubyte-ptr-ptr.o
./const/assign-const-ubyte-const-ptr-ptr-from-ubyte-ptr.o
./const/assign-const-ubyte-ptr-from-any-const-ptr-ptr.o
./const/assign-const-ubyte-ptr-from-any-ptr-ptr.o
./const/assign-const-ubyte-ptr-from-any-ptr.o
./const/assign-const-ubyte-ptr-from-const-any-const-ptr-ptr.o
./const/assign-const-ubyte-ptr-from-const-any-ptr-ptr.o
./const/assign-const-ubyte-ptr-from-const-any-ptr.o
./const/assign-const-ubyte-ptr-from-const-ubyte-const-ptr-ptr.o
./const/assign-const-ubyte-ptr-from-const-ubyte-ptr-ptr.o
./const/assign-const-ubyte-ptr-from-const-ubyte-ptr.o
./const/assign-const-ubyte-ptr-from-ubyte-const-ptr-ptr.o
./const/assign-const-ubyte-ptr-from-ubyte-ptr-ptr.o
./const/assign-const-ubyte-ptr-from-ubyte-ptr.o
./const/assign-const-ubyte-ptr-ptr-from-any-ptr-ptr.o
./const/assign-const-ubyte-ptr-ptr-from-any-ptr.o
./const/assign-const-ubyte-ptr-ptr-from-const-any-ptr-ptr.o
./const/assign-const-ubyte-ptr-ptr-from-const-ubyte-ptr-ptr.o
./const/assign-const-ubyte-ptr-ptr-from-ubyte-ptr-ptr.o
./const/assign-const-ubyte-ptr-ptr-from-ubyte-ptr.o
./const/assign-nonconst-from-const.o
./const/assign-ubyte-const-ptr-ptr-from-any-const-ptr-ptr.o
./const/assign-ubyte-const-ptr-ptr-from-any-ptr-ptr.o
./const/assign-ubyte-const-ptr-ptr-from-any-ptr.o
./const/assign-ubyte-const-ptr-ptr-from-const-any-ptr.o
./const/assign-ubyte-const-ptr-ptr-from-const-ubyte-ptr.o
./const/assign-ubyte-const-ptr-ptr-from-ubyte-const-ptr-ptr.o
./const/assign-ubyte-const-ptr-ptr-from-ubyte-ptr-ptr.o
./const/assign-ubyte-const-ptr-ptr-from-ubyte-ptr.o
./const/assign-ubyte-ptr-from-any-ptr-ptr.o
./const/assign-ubyte-ptr-from-any-ptr.o
./const/assign-ubyte-ptr-from-const-any-ptr-ptr.o
./const/assign-ubyte-ptr-from-const-ubyte-ptr-ptr.o
./const/assign-ubyte-ptr-from-ubyte-ptr-ptr.o
./const/assign-ubyte-ptr-from-ubyte-ptr.o
./const/assign-ubyte-ptr-ptr-from-any-ptr-ptr.o
./const/assign-ubyte-ptr-ptr-from-any-ptr.o
./const/assign-ubyte-ptr-ptr-from-ubyte-ptr-ptr.o
./const/assign-ubyte-ptr-ptr-from-ubyte-ptr.o
./const/backpatch-type-constptr-2.o
./const/byref-const-any-ptr-from-const-ubyte-ptr.o
./const/byref-const-from-const.o
./const/byref-const-from-nonconst.o
./const/byref-const-ubyte-ptr-from-const-any-ptr.o
./const/byval-const-any-ptr-from-const-ubyte-ptr.o
./const/byval-const-from-const.o
./const/byval-const-from-nonconst.o
./const/byval-const-ubyte-ptr-from-const-any-ptr.o
./const/byval-nonconst-from-const.o
./const/c-prototype-const.o
./const/fromconst.o
./const/make-typedef-const-2.o
./const/redundant-constants.o
./const/typedef-const-forward-ptr-1-2.o
./const/typedef-const-forward-ptr-2-1.o
./const/typedef-forward-constptr-1-2.o
./const/typedef-forward-constptr-2-2.o
./const/typedef-forward-constptr-constptr-3.o
./const/typedef-forward-ptr-constptr-2.o
./const/type_alias.o
./dim/all-kinds-of-vars.o
./dim/byref-bad-init-2-var.o
./dim/dim-common-dynamic-1.o
./dim/dim-common-dynamic-2.o
./dim/dynamic-dimensionsonly-extern-extern-1.o
./dim/dynamic-dimensionsonly-extern-extern-2.o
./dim/dynamic-dimensionsonly-extern-extern-3.o
./dim/dynamic-dimensionsonly-extern-extern-4.o
./dim/dynamic-dimensionsonly-extern-extern-5.o
./dim/dynamic-wrong-dimensions-dim-access-access-1.o
./dim/dynamic-wrong-dimensions-dim-access-access-2.o
./dim/dynamic-wrong-dimensions-dim-access-redim-1.o
./dim/dynamic-wrong-dimensions-dim-access-redim-2.o
./dim/dynamic-wrong-dimensions-global-1.o
./dim/dynamic-wrong-dimensions-global-2.o
./dim/dynamic-wrong-dimensions-param-access-access.o
./dim/dynamic-wrong-dimensions-param-access-arg.o
./dim/dynamic-wrong-dimensions-param-access-redim.o
./dim/dynamic-wrong-dimensions-param-arg-access.o
./dim/dynamic-wrong-dimensions-param-arg-arg.o
./dim/dynamic-wrong-dimensions-param-arg-redim.o
./dim/dynamic-wrong-dimensions-param-redim-access.o
./dim/dynamic-wrong-dimensions-param-redim-arg.o
./dim/dynamic-wrong-dimensions-param-redim-redim.o
./dim/local-array-1.o
./dim/multdecl-different-attribs-1.o
./dim/multdecl-different-attribs-3.o
./dim/redim-common-dynamic-1.o
./dim/redim-common-dynamic-2.o
./dim/redim-shared-existing-common-shared.o
./dim/redim-shared-existing-common.o
./dim/redim-shared-existing-dim-dynamic.o
./dim/redim-shared-existing-dim-shared-dynamic.o
./dim/redim-staticlocals.o
./dim/shared-array-1.o
./dim/shared-array-2.o
./dim/static-array-1.o
./dim/static-array-2.o
./dim/static-array-3.o
./dim/static-array-4.o
./expressions/idiv-by-zero-3.o
./expressions/idiv-by-zero-4.o
./file/dir-overloads.o
./functions/bydesc-known-dimensions-2.o
./functions/mangle-types.o
./functions/mangle.o
./functions/paraminit-vector-new.o
./functions/return-byref-type-match-1.o
./functions/return-byref-type-match-2.o
./functions/udt-result-no-defctor-return.o
./gfx/bsave-nullptr-fb.o
./gfx/bsave-nullptr-qb.o
./gfx/imageinfo-params.o
./gfx/put-mode-syntax-good.o
./gfx/screeninfo-params.o
./overload/allow_byval_ptr.o
./overload/op_global.o
./overload/op_to_self.o
./overload/tostring.o
./pointers/addrof-deref-cast-const-1.o
./pointers/addrof-deref-cast-const-2.o
./pointers/addrof-deref-field-cast-const.o
./pointers/deref-cast-const-1.o
./pointers/deref-cast-const-2.o
./pointers/deref-const-udt-assign.o
./pointers/deref-field-cast-const.o
./pointers/new-vector-extreme-size-1.o
./pointers/procptr-deref-3.o
./pointers/procptr-namespaces.o
./pointers/procptr-separate-1.o
./pointers/procptr-separate-2.o
./pointers/procptr-separate-3.o
./pointers/procptr-separate-4.o
./pointers/procptr-separate-5.o
./pp/cmdline.o
./pp/define-shadow.o
./pp/defined-udt.o
./pp/expansion-consecutive-1.o
./pp/expansion-consecutive-2.o
./pp/expansion-consecutive-3.o
./pp/expansion-during-macro-call.o
./pp/expansion-end-during-macro-call-parsing.o
./pp/expansion-pingpong-undef.o
./pp/if-skip-1.o
./pp/ifdef-namespace.o
./pp/intrinsic-asm.o
./pp/intrinsic.o
./pp/macro-comment-1.o
./pp/macro-comment-2.o
./pp/macro-no-params.o
./pp/macro_empty.o
./pp/pragma-gui.o
./pp/pragma-private.o
./pp/pragma-profile.o
./pp/pragma-reserve-0.o
./pp/pragma-reserve-11.o
./pp/pragma-reserve-12.o
./pp/pragma-reserve-13.o
./pp/pragma-reserve-3.o
./pp/pragma-reserve-4.o
./pp/pragma-reserve-7.o
./quirk/gfx_methAsMod.o
./quirk/gfx_propertiesasbuffers.o
./quirk/keyword-shadow-1.o
./quirk/keyword-shadow-2.o
./quirk/keyword-shadow-3.o
./quirk/keyword-suffix.o
./quirk/no-gfx-sfx-keywords.o
./scopes/module-level.o
./sfx/syntax.o
./structs/anon-valid-initializer.o
./structs/const-method-syntax.o
./structs/const_method2.o
./structs/namespace-1.o
./structs/namespace-2.o
./structs/namespace-3.o
./structs/obj-array-private-defctor-2.o
./structs/obj_access_const2.o
./structs/obj_access_const4.o
./structs/static-method-syntax.o
./threads/threadcall-1.o
./typedef/backpatch-deleted.o
./typedef/identifiers.o
./typedef/procptr-temp-name.o
./typedef/redefine.o
./visibility/private-cast-private-usage.o
./visibility/private-const-private-usage.o
./visibility/private-copyctor-private-usage.o
./visibility/private-ctor-private-usage.o
./visibility/private-delete-private-usage.o
./visibility/private-dtor-private-usage.o
./visibility/private-enum-private-usage.o
./visibility/private-field-private-usage.o
./visibility/private-method-private-usage.o
./visibility/private-new-private-usage.o
./visibility/private-op-for-private-usage.o
./visibility/private-op-next-private-usage.o
./visibility/private-op-step-private-usage.o
./visibility/private-selfbop-private-usage.o
./visibility/private-selfuop-private-usage.o
./visibility/private-staticmethod-private-usage.o
./visibility/private-var-private-usage.o
./visibility/private-var-public-init.o
./visibility/protected-cast-private-usage.o
./visibility/protected-cast-protected-usage.o
./visibility/protected-const-private-usage.o
./visibility/protected-const-protected-usage.o
./visibility/protected-copyctor-private-usage.o
./visibility/protected-copyctor-protected-usage.o
./visibility/protected-ctor-private-usage.o
./visibility/protected-ctor-protected-usage.o
./visibility/protected-delete-private-usage.o
./visibility/protected-delete-protected-usage.o
./visibility/protected-dtor-private-usage.o
./visibility/protected-dtor-protected-usage.o
./visibility/protected-enum-private-usage.o
./visibility/protected-enum-protected-usage.o
./visibility/protected-field-private-usage.o
./visibility/protected-field-protected-usage.o
./visibility/protected-method-private-usage.o
./visibility/protected-method-protected-usage.o
./visibility/protected-new-private-usage.o
./visibility/protected-new-protected-usage.o
./visibility/protected-op-for-private-usage.o
./visibility/protected-op-for-protected-usage.o
./visibility/protected-op-next-private-usage.o
./visibility/protected-op-next-protected-usage.o
./visibility/protected-op-step-private-usage.o
./visibility/protected-op-step-protected-usage.o
./visibility/protected-selfbop-private-usage.o
./visibility/protected-selfbop-protected-usage.o
./visibility/protected-selfuop-private-usage.o
./visibility/protected-selfuop-protected-usage.o
./visibility/protected-staticmethod-private-usage.o
./visibility/protected-staticmethod-protected-usage.o
./visibility/protected-var-private-usage.o
./visibility/protected-var-protected-usage.o
./visibility/protected-var-public-init.o
./pretest/compile_only_fail.o
./compound/asm-block-at-eof.o
./compound/elseif-after-else.o
./compound/for-ptr-fwdref.o
./compound/outside-case-dim-init.o
./compound/outside-case-dim.o
./compound/outside-case-type.o
./compound/outside-case-typedef-mult.o
./compound/outside-case-typedef-single.o
./compound/outside-case-var.o
./compound/outside-const-case-dim-init.o
./compound/outside-const-case-dim.o
./compound/outside-const-case-type.o
./compound/outside-const-case-typedef-mult.o
./compound/outside-const-case-typedef-single.o
./compound/outside-const-case-var.o
./compound/select-bad-const.o
./compound/select-bad-exit.o
./compound/select-bad-label.o
./compound/select-const-huge-range.o
./compound/select-const-invalid-case-range.o
./compound/select-const-large-range-1.o
./compound/select-const-large-range-2.o
./compound/select-const-no-cases.o
./compound/select-type-mismatch-1.o
./compound/select-type-mismatch-2.o
./compound/select-type-mismatch-3.o
./compound/select-type-mismatch-4.o
./compound/with-expr-1.o
./compound/with-expr-2.o
./compound/with-expr-3.o
./compound/with-implicit-scope.o
./const/any_const.o
./const/assign-any-const-ptr-ptr-from-const-any-const-ptr-ptr.o
./const/assign-any-const-ptr-ptr-from-const-any-ptr-ptr.o
./const/assign-any-const-ptr-ptr-from-const-ubyte-const-ptr-ptr.o
./const/assign-any-const-ptr-ptr-from-const-ubyte-ptr-ptr.o
./const/assign-any-ptr-from-any-const-ptr-ptr.o
./const/assign-any-ptr-from-const-any-const-ptr-ptr.o
./const/assign-any-ptr-from-const-any-ptr.o
./const/assign-any-ptr-from-const-ubyte-const-ptr-ptr.o
./const/assign-any-ptr-from-const-ubyte-ptr.o
./const/assign-any-ptr-from-ubyte-const-ptr-ptr.o
./const/assign-any-ptr-ptr-from-any-const-ptr-ptr.o
./const/assign-any-ptr-ptr-from-const-any-const-ptr-ptr.o
./const/assign-any-ptr-ptr-from-const-any-ptr-ptr.o
./const/assign-any-ptr-ptr-from-const-any-ptr.o
./const/assign-any-ptr-ptr-from-const-ubyte-const-ptr-ptr.o
./const/assign-any-ptr-ptr-from-const-ubyte-ptr-ptr.o
./const/assign-any-ptr-ptr-from-const-ubyte-ptr.o
./const/assign-any-ptr-ptr-from-ubyte-const-ptr-ptr.o
./const/assign-byte-const-ptr-ptr-from-const-ubyte-const-ptr-ptr.o
./const/assign-byte-const-ptr-ptr-from-const-ubyte-ptr-ptr.o
./const/assign-byte-ptr-from-const-ubyte-const-ptr-ptr.o
./const/assign-byte-ptr-from-const-ubyte-ptr.o
./const/assign-byte-ptr-from-ubyte-const-ptr-ptr.o
./const/assign-byte-ptr-ptr-from-const-ubyte-const-ptr-ptr.o
./const/assign-byte-ptr-ptr-from-const-ubyte-ptr-ptr.o
./const/assign-byte-ptr-ptr-from-const-ubyte-ptr.o
./const/assign-byte-ptr-ptr-from-ubyte-const-ptr-ptr.o
./const/assign-const-any-ptr-ptr-from-any-const-ptr-ptr.o
./const/assign-const-any-ptr-ptr-from-const-any-const-ptr-ptr.o
./const/assign-const-any-ptr-ptr-from-const-any-ptr.o
./const/assign-const-any-ptr-ptr-from-const-ubyte-const-ptr-ptr.o
./const/assign-const-any-ptr-ptr-from-const-ubyte-ptr.o
./const/assign-const-any-ptr-ptr-from-ubyte-const-ptr-ptr.o
./const/assign-const-byte-ptr-ptr-from-const-ubyte-const-ptr-ptr.o
./const/assign-const-byte-ptr-ptr-from-const-ubyte-ptr.o
./const/assign-const-byte-ptr-ptr-from-ubyte-const-ptr-ptr.o
./const/assign-const-ubyte-ptr-ptr-from-any-const-ptr-ptr.o
./const/assign-const-ubyte-ptr-ptr-from-const-any-const-ptr-ptr.o
./const/assign-const-ubyte-ptr-ptr-from-const-any-ptr.o
./const/assign-const-ubyte-ptr-ptr-from-const-ubyte-const-ptr-ptr.o
./const/assign-const-ubyte-ptr-ptr-from-const-ubyte-ptr.o
./const/assign-const-ubyte-ptr-ptr-from-ubyte-const-ptr-ptr.o
./const/assign-constant-1.o
./const/assign-constant-2.o
./const/assign-literal-1.o
./const/assign-literal-2.o
./const/assign-ubyte-const-ptr-ptr-from-const-any-const-ptr-ptr.o
./const/assign-ubyte-const-ptr-ptr-from-const-any-ptr-ptr.o
./const/assign-ubyte-const-ptr-ptr-from-const-ubyte-const-ptr-ptr.o
./const/assign-ubyte-const-ptr-ptr-from-const-ubyte-ptr-ptr.o
./const/assign-ubyte-ptr-from-any-const-ptr-ptr.o
./const/assign-ubyte-ptr-from-const-any-const-ptr-ptr.o
./const/assign-ubyte-ptr-from-const-any-ptr.o
./const/assign-ubyte-ptr-from-const-ubyte-const-ptr-ptr.o
./const/assign-ubyte-ptr-from-const-ubyte-ptr.o
./const/assign-ubyte-ptr-from-ubyte-const-ptr-ptr.o
./const/assign-ubyte-ptr-ptr-from-any-const-ptr-ptr.o
./const/assign-ubyte-ptr-ptr-from-const-any-const-ptr-ptr.o
./const/assign-ubyte-ptr-ptr-from-const-any-ptr-ptr.o
./const/assign-ubyte-ptr-ptr-from-const-any-ptr.o
./const/assign-ubyte-ptr-ptr-from-const-ubyte-const-ptr-ptr.o
./const/assign-ubyte-ptr-ptr-from-const-ubyte-ptr-ptr.o
./const/assign-ubyte-ptr-ptr-from-const-ubyte-ptr.o
./const/assign-ubyte-ptr-ptr-from-ubyte-const-ptr-ptr.o
./const/assign.o
./const/backpatch-const-type-constptr-1.o
./const/backpatch-const-type-constptr-2.o
./const/backpatch-const-type.o
./const/backpatch-type-constptr-1.o
./const/byref-nonconst-from-const.o
./const/cast-preserves-const-different-type.o
./const/cast-preserves-const-same-type.o
./const/cast-to-const-different-ptr-1.o
./const/cast-to-const-different-ptr-2.o
./const/cast-to-const-same-int.o
./const/cast-to-const-same-intptr-1.o
./const/cast-to-const-same-intptr-2.o
./const/cast-to-const-same-rttiudt.o
./const/cast-to-const-same-rttiudtptr-1.o
./const/cast-to-const-same-rttiudtptr-2.o
./const/cast-to-const-same-udt.o
./const/const-decl-illegal-type-any.o
./const/const-decl-illegal-type-fixstr.o
./const/const-decl-illegal-type-fwdref.o
./const/const-decl-illegal-type-missing-eq.o
./const/const-decl-illegal-type-struct.o
./const/const-decl-illegal-type-wstring.o
./const/const-decl-illegal-type-zstring.o
./const/const-decl-missing-eq.o
./const/const-decl-missing-expr.o
./const/const-decl-missing-type-1.o
./const/const-decl-missing-type-2.o
./const/const-decl-missing-type-3.o
./const/const-decl-missing-type-4.o
./const/const-decl-type-mismatch-1.o
./const/const-decl-type-mismatch-2.o
./const/constptr_to_ptr.o
./const/const_to_nonconst.o
./const/diffptrtype.o
./const/dupdef.o
./const/duplicate-constant-constness.o
./const/duplicate-constant-dtype.o
./const/duplicate-constant-float.o
./const/duplicate-constant-intvalue-2.o
./const/duplicate-constant-intvalue.o
./const/duplicate-constant-namespace.o
./const/duplicate-constant-strvalue.o
./const/duplicate-constant-wstrvalue.o
./const/funcres.o
./const/gfx-target-image-const-any-ptr.o
./const/gfx-target-image-const-fbimage-ptr.o
./const/iif-1.o
./const/iif-2.o
./const/iif-3.o
./const/let-constant-1.o
./const/let-constant-2.o
./const/let-literal-1.o
./const/let-literal-2.o
./const/let.o
./const/make-typedef-const-1.o
./const/member.o
./const/ovl_ambiguous.o
./const/rtl-clear.o
./const/rtl-get.o
./const/rtl-getf.o
./const/rtl-getjoystick.o
./const/rtl-getmouse.o
./const/rtl-getxpad.o
./const/rtl-line.o
./const/rtl-mid.o
./const/rtl-swap.o
./const/strptr.o
./const/swap-const-int-l.o
./const/swap-const-int-r.o
./const/swap-const-string-l.o
./const/swap-const-string-r.o
./const/swap-const-wstring-l.o
./const/swap-const-wstring-r.o
./const/swap-const-zstring-l.o
./const/swap-const-zstring-r.o
./const/swap-constant-1.o
./const/swap-constant-2.o
./const/swap-literal-1.o
./const/swap-literal-2.o
./const/swap-literal-3.o
./const/swap-literal-4.o
./const/typedef-const-forward-1.o
./const/typedef-const-forward-2.o
./const/typedef-const-forward-3.o
./const/typedef-const-forward-ptr-1-1.o
./const/typedef-const-forward-ptr-2-2.o
./const/typedef-forward-constptr-1-1.o
./const/typedef-forward-constptr-2-1.o
./const/typedef-forward-constptr-constptr-1.o
./const/typedef-forward-constptr-constptr-2.o
./const/typedef-forward-ptr-constptr-1.o
./const/typedef2.o
./const/var_const.o
./dim/anon_no_access.o
./dim/array-invalid-subscript-1.o
./dim/array-invalid-subscript-2.o
./dim/array-too-big-byte-1.o
./dim/array-too-big-byte-2.o
./dim/array-too-big-byte-3.o
./dim/array-too-big-byte-4.o
./dim/array-too-big-ellipsis-1.o
./dim/array-too-big-ellipsis-2.o
./dim/array-too-big-int-1.o
./dim/array-too-big-int-2.o
./dim/array-too-big-int-3.o
./dim/array-too-big-int-4.o
./dim/array-too-big-udt-1.o
./dim/array-too-big-udt-2.o
./dim/array-too-big-udt-3.o
./dim/array-too-big-udt-4.o
./dim/array-too-big-zstr-1.o
./dim/array-too-big-zstr-2.o
./dim/array-too-big-zstr-3.o
./dim/array-too-big-zstr-4.o
./dim/byref-array.o
./dim/byref-bad-init-1-var.o
./dim/byref-bad-init-1.o
./dim/byref-bad-init-2.o
./dim/byref-bad-init-3.o
./dim/byref-bad-init-4.o
./dim/byref-init-from-temp-1.o
./dim/byref-init-from-temp-2.o
./dim/byref-init-from-temp-3.o
./dim/byref-init-from-temp-4.o
./dim/byref-missing-init-1-var.o
./dim/byref-missing-init-1.o
./dim/byref-missing-init-2-var.o
./dim/byref-missing-init-2.o
./dim/byref-shared-from-global-dynamic-array-element.o
./dim/byref-shared-referencing-stack.o
./dim/byref-static-from-static-field.o
./dim/byref-static-member-from-local.o
./dim/byref-static-referencing-stack-1.o
./dim/byref-static-referencing-stack-2.o
./dim/common-with-subscript.o
./dim/dim-bad-datatype-1.o
./dim/dim-expression.o
./dim/dim-shared-in-a-scope-with-a-common-above.o
./dim/dupdef-dim-common-dynamic.o
./dim/dupdef-dim-common.o
./dim/dupdef-dim-dynamic-1.o
./dim/dupdef-dim-dynamic-2.o
./dim/dupdef-dim-dynamic-3.o
./dim/dupdef-dynamicarray-different-dtype-1.o
./dim/dupdef-dynamicarray-different-dtype-2.o
./dim/dupdef-dynamicarray-different-dtype-3.o
./dim/dupdef-dynamicarray-different-dtype-4.o
./dim/dupdef-dynamicarray-different-dtype-5.o
./dim/dupdef-dynamicarray-different-dtype-6.o
./dim/dupdef-dynamicarray-different-dtype-extern-1.o
./dim/dupdef-dynamicarray-different-dtype-extern-2.o
./dim/dupdef-extern-different-dimensions-1.o
./dim/dupdef-extern-different-dimensions-2.o
./dim/dupdef-extern-different-dimensions-3.o
./dim/dupdef-extern-different-dimensions-4.o
./dim/dupdef-extern-different-dimensions-5.o
./dim/dupdef-extern-different-dimensions-6.o
./dim/dupdef-extern-different-dtype.o
./dim/dupdef-redim-common-dynamic.o
./dim/dynamic-const-1.o
./dim/dynamic-const-2.o
./dim/dynamic-dimensionsonly-extern-invalid-alloc-1.o
./dim/dynamic-dimensionsonly-extern-invalid-alloc-2.o
./dim/dynamic-dimensionsonly-extern-invalid-alloc-3.o
./dim/dynamic-dimensionsonly-extern-invalid-alloc-4.o
./dim/dynamic-dimensionsonly-extern-invalid-alloc-5.o
./dim/dynamic-dimensionsonly-extern-invalid-redecl-1.o
./dim/dynamic-dimensionsonly-extern-invalid-redecl-2.o
./dim/dynamic-dimensionsonly-invalid-index-1.o
./dim/dynamic-dimensionsonly-invalid-index-2.o
./dim/dynamic-dimensionsonly-invalid-redim-1.o
./dim/dynamic-dimensionsonly-invalid-redim-2.o
./dim/dynamic-dimensionsonly-syntax-error-1.o
./dim/dynamic-dimensionsonly-syntax-error-2.o
./dim/dynamic-dimensionsonly-syntax-error-3.o
./dim/dynamic-ellipsis-1.o
./dim/dynamic-ellipsis-2.o
./dim/dynamic-field-init-1.o
./dim/dynamic-field-init-2.o
./dim/dynamic-field-init-3.o
./dim/dynamic-field-init-4.o
./dim/dynamic-var-init-1.o
./dim/dynamic-var-init-2.o
./dim/dynamic-var-init-3.o
./dim/dynamic-var-init-4.o
./dim/dynamic-wrong-dimensions-dim-overloadarg-redim-1.o
./dim/dynamic-wrong-dimensions-dim-overloadarg-redim-2.o
./dim/dynamic-wrong-dimensions-dim-redim-access-1.o
./dim/dynamic-wrong-dimensions-dim-redim-access-2.o
./dim/dynamic-wrong-dimensions-dim-redim-redim-1.o
./dim/dynamic-wrong-dimensions-dim-redim-redim-2.o
./dim/dynamic-wrong-dimensions-extern-redim-redim.o
./dim/dynamic-wrong-dimensions-field-access-1.o
./dim/dynamic-wrong-dimensions-field-access-2.o
./dim/dynamic-wrong-dimensions-field-access-3.o
./dim/dynamic-wrong-dimensions-field-redim-1.o
./dim/dynamic-wrong-dimensions-field-redim-2.o
./dim/dynamic-wrong-dimensions-field-redim-3.o
./dim/dynamic-wrong-dimensions-redim-redim-1.o
./dim/dynamic-wrong-dimensions-redim-redim-2.o
./dim/extern-array-bounds-mismatch-1.o
./dim/extern-array-bounds-mismatch-10.o
./dim/extern-array-bounds-mismatch-11.o
./dim/extern-array-bounds-mismatch-12.o
./dim/extern-array-bounds-mismatch-13.o
./dim/extern-array-bounds-mismatch-14.o
./dim/extern-array-bounds-mismatch-15.o
./dim/extern-array-bounds-mismatch-16.o
./dim/extern-array-bounds-mismatch-17.o
./dim/extern-array-bounds-mismatch-2.o
./dim/extern-array-bounds-mismatch-3.o
./dim/extern-array-bounds-mismatch-4.o
./dim/extern-array-bounds-mismatch-5.o
./dim/extern-array-bounds-mismatch-6.o
./dim/extern-array-bounds-mismatch-7.o
./dim/extern-array-bounds-mismatch-8.o
./dim/extern-array-bounds-mismatch-9.o
./dim/extern-array-init-1.o
./dim/extern-array-init-2.o
./dim/extern-array-init-3.o
./dim/extern-byref-1.o
./dim/extern-byref-2.o
./dim/extern-definition-error-recovery-1.o
./dim/extern-definition-error-recovery-2.o
./dim/extern-fixlenstr-1.o
./dim/extern-fixlenstr-2.o
./dim/extern-fixlenstr-3.o
./dim/global-init-auto-from-literal.o
./dim/global-init-auto-from-string.o
./dim/global-init-auto-from-typeini-literal.o
./dim/global-init-auto-from-typeini-string.o
./dim/global-init-auto-from-var.o
./dim/global-init-auto-typeini-bitfield-from-constant.o
./dim/global-init-bitfield-from-constant.o
./dim/global-init-bitfield-from-explicit-typeini-constant.o
./dim/global-init-dim-from-var.o
./dim/global-init-double-from-offset.o
./dim/global-init-nonptrsizedint-from-offset.o
./dim/global-init-single-from-offset.o
./dim/global-init-string-from-integer.o
./dim/global-init-string-from-literal.o
./dim/global-init-string-from-string.o
./dim/global-init-string-from-typeini-integer.o
./dim/global-init-string-from-typeini-literal.o
./dim/global-init-string-from-typeini-string.o
./dim/global-init-udt-string-from-literal.o
./dim/global-init-udt-string-from-var.o
./dim/global-init-zstring-from-integer.o
./dim/global-init-zstring-from-string.o
./dim/global-init-zstring-from-typeini-integer.o
./dim/global-init-zstring-from-typeini-string.o
./dim/member-var-bad-1.o
./dim/member-var-bad-2.o
./dim/member-var-bad-3-1.o
./dim/member-var-bad-3-2.o
./dim/member-var-bad-4-1.o
./dim/member-var-bad-4-2.o
./dim/member-var-bad-5.o
./dim/member-var-bad-byref-1.o
./dim/member-var-bad-byref-2.o
./dim/member-var-in-anon-1.o
./dim/member-var-in-anon-2.o
./dim/multdecl-different-attribs-2.o
./dim/outsidenamespace-define-extern-1.o
./dim/outsidenamespace-define-extern-via-redim-1.o
./dim/outsidenamespace-define-extern-via-redim-2.o
./dim/redim-array-ctor-mismatch-1.o
./dim/redim-array-ctor-mismatch-2.o
./dim/redim-array-ctor-mismatch-3.o
./dim/redim-array-dtor-mismatch.o
./dim/redim-expression-bop.o
./dim/redim-expression-call.o
./dim/redim-expression-const-1.o
./dim/redim-expression-const-2.o
./dim/redim-expression-deref.o
./dim/redim-expression-field-fixedsizearray.o
./dim/redim-expression-invalid.o
./dim/redim-expression-var-fixedsizearray.o
./dim/redim-fixed-size-field.o
./dim/redim-fixed-size-var-shadowing-dynamic-field.o
./dim/redim-fixed-size-var-shadowing-dynamic-var-2.o
./dim/redim-fixed-size-var-shadowing-dynamic-var.o
./dim/redim-lookup-does-not-take-dtype-into-account.o
./dim/redim-missing-bounds.o
./dim/redim-non-array.o
./dim/redim-shared-in-a-scope-with-a-common-above.o
./dim/shared-init-using-static-1.o
./dim/shared-init-using-static-2.o
./dim/shared-init-using-static-3.o
./dim/shared-init-using-static-4.o
./dim/shared-init-using-static-5.o
./dim/shared-init-using-static-6.o
./dim/string-init-type-mismatch-1.o
./dim/string-init-type-mismatch-2.o
./dim/string-init-type-mismatch-3.o
./dim/type-missing-common.o
./dim/type-missing-dim-shared.o
./dim/type-missing-dim.o
./dim/type-missing-extern-implementation-via-redim.o
./dim/type-missing-extern-implementation.o
./dim/type-missing-extern.o
./dim/type-missing-redim-implicit-this-field-2.o
./dim/type-missing-redim-implicit-this-field.o
./dim/type-missing-redim-shared.o
./dim/type-missing-redim-static-array-field-explicit-this.o
./dim/type-missing-redim-static-array-field-implicit-this.o
./dim/type-missing-redim-static-array-field-with.o
./dim/type-missing-redim-static-array-field.o
./dim/type-missing-redim.o
./dim/type-suffix-common-2.o
./dim/type-suffix-common.o
./dim/type-suffix-dim-shared.o
./dim/type-suffix-dim.o
./dim/type-suffix-extern-implementation.o
./dim/type-suffix-extern.o
./dim/type-suffix-redim-2.o
./dim/type-suffix-redim-shared.o
./dim/type-suffix-redim.o
./dim/udt-init-bad-1.o
./dim/union-init-bad-toplevel1-1.o
./dim/union-init-bad-toplevel1-2.o
./dim/union-init-bad-toplevel2-1.o
./dim/union-init-bad-toplevel2-2.o
./dim/union-init-bad-toplevel2-3.o
./dim/union-init-bad-toplevel3-1.o
./dim/union-init-bad-toplevel3-2.o
./dim/union-init-bad-toplevel3-3.o
./dim/union-init-bad-toplevel4-1.o
./dim/union-init-bad-toplevel4-2.o
./dim/union-init-bad-toplevel4-3.o
./dim/union-init-bad-toplevel4-4.o
./dim/union-init-bad-toplevel5-1.o
./dim/union-init-bad-toplevel5-2.o
./dim/union-init-bad-toplevel5-3.o
./dim/union-init-bad-toplevel5-4.o
./dim/union-init-bad-toplevel6-1.o
./dim/union-init-bad-toplevel6-2.o
./dim/union-init-bad-toplevel6-3.o
./dim/union-init-bad-toplevel6-4.o
./dim/union-init-bad-toplevel7-1.o
./dim/union-init-bad-toplevel7-2.o
./dim/union-init-bad-toplevel7-3.o
./dim/union-init-bad-toplevel7-4.o
./dim/union-init-bad-toplevel7-5.o
./dim/union-init-bad-toplevel8-1.o
./dim/union-init-bad-toplevel8-2.o
./dim/union-init-bad-toplevel8-3.o
./dim/union-init-bad-toplevel8-4.o
./dim/var-bad-init-1.o
./dim/var-bad-init-2.o
./dim/var-bad-init-3.o
./dim/var-bad-init-4.o
./dim/var-bad-init-5.o
./dim/var-bad-init-6.o
./dim/var-bad-init-7.o
./dim/var-bad-init-8.o
./dim/var-bad-init-9.o
./expressions/assign-float-from-ptr-1-1.o
./expressions/assign-float-from-ptr-1-2.o
./expressions/assign-ptr-from-float-1-1.o
./expressions/assign-ptr-from-float-1-2.o
./expressions/assign-ptr-from-float-2-1.o
./expressions/assign-ptr-from-float-2-2.o
./expressions/assign-ptr-from-float-3-1.o
./expressions/assign-ptr-from-float-3-2.o
./expressions/idiv-by-zero-1.o
./expressions/idiv-by-zero-2.o
./expressions/iif-as-lvalue.o
./expressions/iif-no-matching-ctor-1.o
./expressions/iif-no-matching-ctor-2.o
./expressions/iif-no-matching-ctor-3.o
./expressions/iif-type-mismatch-1-1.o
./expressions/iif-type-mismatch-1-2.o
./expressions/iif-type-mismatch-2-1.o
./expressions/iif-type-mismatch-2-2.o
./expressions/iif-type-mismatch-3.o
./expressions/iif-type-mismatch-procptr-1.o
./expressions/iif-type-mismatch-procptr-2.o
./expressions/iif-udts-different.o
./expressions/iif-udts-lhs-only-int.o
./expressions/iif-udts-lhs-only-ptr.o
./expressions/iif-udts-rhs-only-int.o
./expressions/iif-udts-rhs-only-ptr.o
./expressions/let-union-1.o
./expressions/let-union-2.o
./expressions/memberderef-bad-1.o
./expressions/memberderef-bad-2.o
./expressions/memberderef-bad-3.o
./expressions/memberderef-bad-4.o
./expressions/memberderef-bad-5.o
./expressions/memberderef-bad-6.o
./expressions/memberderef-bad-7.o
./expressions/memberderef-bad-8.o
./expressions/memberderef-bad-9.o
./expressions/nidxarray-1.o
./expressions/nidxarray-2.o
./expressions/nidxarray-3.o
./expressions/ptrindex-error-recovery.o
./expressions/selfbop-type-mismatch-1.o
./expressions/selfbop-type-mismatch-2.o
./expressions/selfbop-type-mismatch-3.o
./expressions/typeini-error-recovery-1.o
./expressions/typeini-error-recovery-2.o
./functions/alias-conflict.o
./functions/array_param.o
./functions/bad-result-type-any.o
./functions/bad-result-type-fstr.o
./functions/bad-result-type-wstr.o
./functions/bad-result-type-zstr.o
./functions/bydesc-arg-with-index-1.o
./functions/bydesc-arg-with-index-2.o
./functions/bydesc-arg-with-index-3.o
./functions/bydesc-known-dimensions-1.o
./functions/bydesc-known-dimensions-redim.o
./functions/bydesc-missing-id.o
./functions/byref-as-any-error-recovery.o
./functions/mangling-procptr-byvalconst-1-1.o
./functions/mangling-procptr-byvalconst-1-2.o
./functions/mangling-procptr-byvalconst-2-1.o
./functions/mangling-procptr-byvalconst-2-2.o
./functions/mangling-procptr-byvalconst-3-1.o
./functions/mangling-procptr-byvalconst-3-2.o
./functions/mangling-procptr-callconv-1.o
./functions/mangling-procptr-callconv-2.o
./functions/mangling-procptr-callconv-3.o
./functions/module-ctor-method-body.o
./functions/module-ctor-method-prototype.o
./functions/module-ctor-prototype.o
./functions/module-ctor-staticmemberproc-prototype.o
./functions/module-dtor-method-body.o
./functions/module-dtor-method-prototype.o
./functions/module-dtor-prototype.o
./functions/module-dtor-staticmemberproc-prototype.o
./functions/paraminit-byref-any.o
./functions/paraminit-byref-fwdref.o
./functions/paraminit-locals-1.o
./functions/paraminit-locals-2.o
./functions/paraminit-locals-3.o
./functions/paraminit-undeclared-1.o
./functions/paraminit-undeclared-2.o
./functions/prototype-with-namespace-prefix.o
./functions/prototype-with-udt-prefix.o
./functions/return-byref-addrof.o
./functions/return-byref-anon.o
./functions/return-byref-bad-syntax-1.o
./functions/return-byref-bad-syntax-2.o
./functions/return-byref-bad-syntax-3.o
./functions/return-byref-bad-syntax-4.o
./functions/return-byref-bad-syntax-5.o
./functions/return-byref-bad-syntax-6.o
./functions/return-byref-bad-syntax-7.o
./functions/return-byref-bop.o
./functions/return-byref-byval-param.o
./functions/return-byref-call-1.o
./functions/return-byref-call-2.o
./functions/return-byref-call-3.o
./functions/return-byref-constant.o
./functions/return-byref-decl-body-mismatch-1.o
./functions/return-byref-decl-body-mismatch-2.o
./functions/return-byref-decl-body-mismatch-3.o
./functions/return-byref-decl-body-mismatch-4.o
./functions/return-byref-decl-body-mismatch-5.o
./functions/return-byref-decl-body-mismatch-6.o
./functions/return-byref-field-1.o
./functions/return-byref-field-2.o
./functions/return-byref-field-3.o
./functions/return-byref-field-4.o
./functions/return-byref-field-5.o
./functions/return-byref-fwdref-body.o
./functions/return-byref-fwdref.o
./functions/return-byref-iif.o
./functions/return-byref-local-array-1.o
./functions/return-byref-local-array-2.o
./functions/return-byref-local-array-3.o
./functions/return-byref-local-var.o
./functions/return-byref-no-result-assignment.o
./functions/return-byref-string-literal.o
./functions/return-byref-type-mismatch-1.o
./functions/return-byref-type-mismatch-2.o
./functions/udt-result-exit-function-return.o
./functions/udt-result-exit-operator-return.o
./functions/udt-result-exit-property-return.o
./functions/udt-result-no-defctor-assign.o
./functions/udt-result-return-exit-function.o
./functions/udt-result-return-exit-operator.o
./functions/udt-result-return-exit-property.o
./functions/zwstring-params-invalid-arg-1.o
./functions/zwstring-params-invalid-arg-2.o
./gfx/image-expr-cast-overload-ambigious.o
./gfx/image-expr-cast-overload-nomatch.o
./gfx/image-expr-draw-nidxarray.o
./gfx/image-expr-nonptr-byte.o
./gfx/image-expr-nonptr-dereffbimageptr.o
./gfx/image-expr-nonptr-derefintegerptr.o
./gfx/image-expr-nonptr-derefubyteptr.o
./gfx/image-expr-nonptr-derefudtptr.o
./gfx/image-expr-nonptr-derefzstringptr.o
./gfx/image-expr-nonptr-double.o
./gfx/image-expr-nonptr-integer.o
./gfx/image-expr-nonptr-longint.o
./gfx/image-expr-nonptr-short.o
./gfx/image-expr-nonptr-single.o
./gfx/image-expr-nonptr-string.o
./gfx/image-expr-nonptr-udt.o
./gfx/image-expr-nonptr-wstring.o
./gfx/image-expr-nonptr-zstring.o
./gfx/image-expr-sidefx-1.o
./gfx/image-expr-sidefx-2.o
./gfx/image-expr-sidefx-3.o
./gfx/put-mode-syntax-bad-add.o
./gfx/put-mode-syntax-bad-alpha.o
./gfx/put-mode-syntax-bad-and.o
./gfx/put-mode-syntax-bad-custom.o
./gfx/put-mode-syntax-bad-or.o
./gfx/put-mode-syntax-bad-preset.o
./gfx/put-mode-syntax-bad-pset.o
./gfx/put-mode-syntax-bad-trans.o
./gfx/put-mode-syntax-bad-xor.o
./namespace/const-lhs-1.o
./namespace/const-lhs-2.o
./namespace/const-lhs-3.o
./namespace/const-lhs-4.o
./namespace/const-lhs-5.o
./namespace/dups_fail.o
./namespace/dups_fail2.o
./namespace/enum-var-same-id-extern.o
./namespace/enum-var-same-id.o
./namespace/outside-ctor-1.o
./namespace/outside-ctor-2.o
./namespace/outside-ctor-3.o
./namespace/outside-ctor-4.o
./namespace/outside-ctor-5.o
./namespace/outside-dtor-1.o
./namespace/outside-dtor-2.o
./namespace/outside-dtor-3.o
./namespace/outside-dtor-4.o
./namespace/outside-dtor-5.o
./namespace/outside-op-1.o
./namespace/outside-proc-1.o
./namespace/outside-proc-10.o
./namespace/outside-proc-2.o
./namespace/outside-proc-3.o
./namespace/outside-proc-4.o
./namespace/outside-proc-5.o
./namespace/outside-proc-6.o
./namespace/outside-proc-7.o
./namespace/outside-proc-8.o
./namespace/outside-proc-9.o
./namespace/outside-prop-1.o
./namespace/outside-prop-2.o
./namespace/outside-prop-3.o
./namespace/outside-prop-4.o
./namespace/outside-prop-5.o
./namespace/outside-redim-shared.o
./namespace/outside-var-1.o
./namespace/outside-var-10.o
./namespace/outside-var-11.o
./namespace/outside-var-12.o
./namespace/outside-var-2.o
./namespace/outside-var-3.o
./namespace/outside-var-4.o
./namespace/outside-var-5.o
./namespace/outside-var-6.o
./namespace/outside-var-7.o
./namespace/outside-var-8.o
./namespace/outside-var-9.o
./overload/ambiguous-bydesc.o
./overload/ambiguous-pointers-anyptr-to-byteptr-vs-shortptr.o
./overload/bydesc-1-vs-1.o
./overload/bydesc-1-vs-unknown-vs-1.o
./overload/bydesc-1-vs-unknown.o
./overload/bydesc-2-vs-2.o
./overload/bydesc-2-vs-unknown.o
./overload/bydesc-8-vs-8.o
./overload/bydesc-8-vs-unknown.o
./overload/bydesc-unknown-vs-1-vs-unknown.o
./overload/bydesc-unknown-vs-1.o
./overload/bydesc-unknown-vs-2.o
./overload/bydesc-unknown-vs-8.o
./overload/bydesc-unknown-vs-unknown.o
./overload/no-match-1.o
./overload/no-match-2.o
./overload/no-match-3.o
./overload/no-match-4.o
./overload/no-match-bydesc-dimensions.o
./overload/no-match-bydesc-dtype.o
./overload/no-match-derived-constarg-to-nonconstparam-1.o
./overload/no-match-derived-constarg-to-nonconstparam-2.o
./overload/no-match-derived-constarg-to-nonconstparam-3.o
./overload/no-match-no-downcast.o
./overload/no-match-pointers-different-dataclass.o
./overload/no-match-pointers-different-ptrcount.o
./overload/no-match-pointers-integer-longint.o
./overload/no-match-pointers-long-integer.o
./overload/no-match-pointers-udts.o
./overload/no-match-upcast-constarg-to-nonconstparam.o
./overload/op-fieldderef-bad-result-type.o
./overload/op-ptrindex-body-missing-rbracket.o
./overload/op-ptrindex-not-overloaded-class.o
./overload/op-ptrindex-not-overloaded-pod.o
./overload/op-ptrindex-proto-missing-rbracket.o
./overload/op-ptrindex-static.o
./overload/op-ptrindex-sub.o
./overload/optional-params-ambiguous-1.o
./overload/optional-params-ambiguous-2.o
./overload/op_cast_missing.o
./overload/op_ctor_coercion-3.o
./overload/op_missing_parent.o
./pointers/addrof-deref-cast-const-3.o
./pointers/cast-from-int-mismatch.o
./pointers/cast-to-int-mismatch.o
./pointers/delete-fwdrefptr-1.o
./pointers/delete-fwdrefptr-2.o
./pointers/delete-nonptr-1.o
./pointers/delete-nonptr-2.o
./pointers/delete-nonptr-3.o
./pointers/delete-nonptr-4.o
./pointers/new-fixstr-times-n.o
./pointers/new-placement-bad-syntax-1.o
./pointers/new-placement-bad-syntax-2.o
./pointers/new-placement-bad-syntax-3.o
./pointers/new-string-anyinit.o
./pointers/new-vector-string-anyinit.o
./pointers/new-vector-wstring-times-n.o
./pointers/new-vector-wstring.o
./pointers/new-vector-zstring-times-n.o
./pointers/new-vector-zstring.o
./pointers/new-wstring-times-n.o
./pointers/new-wstring.o
./pointers/new-zstring-times-n.o
./pointers/new-zstring.o
./pointers/not-ptr-fail.o
./pointers/procptr-arith-add.o
./pointers/procptr-arith-exprsub.o
./pointers/procptr-arith-selfadd.o
./pointers/procptr-arith-selfsub.o
./pointers/procptr-arith-sub.o
./pointers/procptr-arith-varsub.o
./pointers/procptr-deref-1.o
./pointers/procptr-deref-2.o
./pp/assert-false.o
./pp/define-invalid-id-1.o
./pp/define-invalid-id-2.o
./pp/define-invalid-id-3.o
./pp/define-invalid-id-4.o
./pp/expansion-recursive-1.o
./pp/expansion-recursive-2.o
./pp/if-nonconst-1.o
./pp/if-nonconst-2.o
./pp/if-nonconst-3.o
./pp/if-nonconst-4.o
./pp/if-nonconst-5.o
./pp/if-nonconst-6.o
./pp/if-nonconst-7.o
./pp/include-error.o
./pp/macro-arg-extract-fail.o
./pp/macro-arg-extract-fail2.o
./pp/macro-arg-extract-fail3.o
./pp/macro-arg-extract-fail4.o
./pp/macro-eval-fail.o
./pp/macro-uniqueid-pop-1.o
./pp/macro-uniqueid-pop-2.o
./pp/pragma-reserve-1.o
./pp/pragma-reserve-10.o
./pp/pragma-reserve-16.o
./pp/pragma-reserve-17.o
./pp/pragma-reserve-18.o
./pp/pragma-reserve-19.o
./pp/pragma-reserve-2.o
./pp/pragma-reserve-5.o
./pp/pragma-reserve-6.o
./pp/pragma-reserve-8.o
./pp/pragma-reserve-9.o
./quirk/casting_typo.o
./quirk/empty-alias-1.o
./quirk/empty-alias-2.o
./quirk/empty-alias-3.o
./quirk/empty-alias-4.o
./quirk/empty-alias-5.o
./quirk/empty-lib-1.o
./quirk/empty-lib-2.o
./quirk/field-suffix-1.o
./quirk/field-suffix-2.o
./quirk/function_array.o
./quirk/len-sizeof-undeclared-id.o
./quirk/lubound-bydesc-1.o
./quirk/lubound-bydesc-2.o
./quirk/lubound-dynamic-1-1.o
./quirk/lubound-dynamic-1-2.o
./quirk/lubound-dynamic-2-1.o
./quirk/lubound-dynamic-2-2.o
./quirk/lubound-ellipsis-1.o
./quirk/lubound-ellipsis-2.o
./quirk/lubound-ellipsis-3.o
./quirk/lubound-nonconst-dimension-1-1.o
./quirk/lubound-nonconst-dimension-1-2.o
./quirk/lubound-nonconst-dimension-2-1.o
./quirk/lubound-nonconst-dimension-2-2.o
./quirk/on-goto-type-mismatch.o
./quirk/with-expr-declares-var-during-error-recovery-1.o
./quirk/with-expr-declares-var-during-error-recovery-2.o
./scopes/branch-cross-ctor.o
./scopes/branch-cross-defctor.o
./scopes/branch-cross-for-udt-1.o
./scopes/branch-cross-for-udt-2.o
./scopes/branch-cross-select-case-string-1.o
./scopes/branch-cross-select-case-string-2.o
./scopes/branch-cross-select-case-wstring-1.o
./scopes/branch-cross-select-case-wstring-2.o
./sfx/void-expression-capture-stop.o
./sfx/void-expression-device-list.o
./sfx/void-expression-sfx-stop.o
./string/byref-fixlen-1.o
./string/byref-fixlen-2.o
./string/byref-fixlen-3.o
./string/byval-fixlen-1.o
./string/byval-fixlen-2.o
./string/cast-wstring.o
./string/cast-zstring.o
./string/deref-arg-byte.o
./string/deref-arg-fstridx.o
./string/deref-arg-stridx.o
./string/deref-arg-ubyte.o
./string/deref-assign-byte-lhs.o
./string/deref-assign-byte-rhs.o
./string/deref-assign-fstridx-lhs.o
./string/deref-assign-fstridx-rhs.o
./string/deref-assign-stridx-lhs.o
./string/deref-assign-stridx-rhs.o
./string/deref-assign-ubyte-lhs.o
./string/deref-assign-ubyte-rhs.o
./string/lcase-invalid-param-1.o
./string/lcase-invalid-param-2.o
./string/lcase-invalid-param-3.o
./string/left-invalid-param-1.o
./string/left-invalid-param-2.o
./string/left-invalid-param-3.o
./string/right-invalid-param-1.o
./string/right-invalid-param-2.o
./string/right-invalid-param-3.o
./string/strptr-result-is-immutable-1.o
./string/strptr-result-is-immutable-2.o
./string/ucase-invalid-param-1.o
./string/ucase-invalid-param-2.o
./string/ucase-invalid-param-3.o
./string/val-invalid-param-1.o
./string/val-invalid-param-2.o
./string/val-invalid-param-3.o
./string/valint-invalid-param-1.o
./string/valint-invalid-param-2.o
./string/valint-invalid-param-3.o
./string/vallng-invalid-param-1.o
./string/vallng-invalid-param-2.o
./string/vallng-invalid-param-3.o
./string/valuint-invalid-param-1.o
./string/valuint-invalid-param-2.o
./string/valuint-invalid-param-3.o
./string/valulng-invalid-param-1.o
./string/valulng-invalid-param-2.o
./string/valulng-invalid-param-3.o
./structs/anon-ambigious-argument.o
./structs/anon-ctorcall-no-match.o
./structs/anon-fwdref.o
./structs/anon-invalid-initializer-1.o
./structs/anon-invalid-initializer-2.o
./structs/anon-missing-initializer.o
./structs/anon-void.o
./structs/array-field-ellipsis-initializer.o
./structs/base-access-syntax-bad-1.o
./structs/base-access-syntax-bad-2.o
./structs/base-arg-downcasting.o
./structs/base-init-ctor-disallows-initializer.o
./structs/base-init-ctor-miscount-1.o
./structs/base-init-ctor-miscount-2.o
./structs/base-init-ctor-miscount-3.o
./structs/base-init-ctor-miscount-4.o
./structs/base-init-initializer-miscount-1.o
./structs/base-init-initializer-miscount-2.o
./structs/base-init-missing-1.o
./structs/base-init-missing-2.o
./structs/base-init-not-first-1.o
./structs/base-init-not-first-2.o
./structs/bitfield-byref.o
./structs/bitfield-too-big-byte.o
./structs/bitfield-too-big-integer.o
./structs/bitfield-too-big-long.o
./structs/bitfield-too-big-longint.o
./structs/bitfield-too-big-short.o
./structs/const-ctor-1.o
./structs/const-ctor-2.o
./structs/const-dtor-1.o
./structs/const-dtor-2.o
./structs/const-method-syntax-bad.o
./structs/const-non-member-proc.o
./structs/const-operator-delete.o
./structs/const-operator-new.o
./structs/const-operator-vectordelete.o
./structs/const-operator-vectornew.o
./structs/const_member.o
./structs/const_member2.o
./structs/const_method3.o
./structs/const_method4.o
./structs/const_method5.o
./structs/ctor-chain-not-first-1.o
./structs/ctor-chain-not-first-2.o
./structs/derived-cptr-invalid-1.o
./structs/derived-cptr-invalid-2.o
./structs/derived-cptr-invalid-3.o
./structs/derived-cptr-invalid-4.o
./structs/derived-cptr-invalid-5.o
./structs/derived-cptr-invalid-6.o
./structs/derived-cptr-invalid-7.o
./structs/derived-cptr-invalid-8.o
./structs/derived-illegal-assign-derived-base-2.o
./structs/derived-illegal-assign-derived-base.o
./structs/derived-missing-copyctor.o
./structs/derived-missing-defctor.o
./structs/derived-ptr-illegal-assign-derived-base-2.o
./structs/derived-ptr-illegal-assign-derived-base.o
./structs/derived-ptr-illegal-assign-derived-int.o
./structs/derived-ptr-illegal-assign-derived-pod.o
./structs/derived-ptr-illegal-assign-int-derived.o
./structs/derived-ptr-illegal-assign-pod-derived.o
./structs/dynamic-array-field-const-1.o
./structs/dynamic-array-field-const-2.o
./structs/dynamic-array-field-ellipsis-initializer.o
./structs/dynamic-array-field-ellipsis.o
./structs/dynamic-array-field-in-union-1.o
./structs/dynamic-array-field-in-union-2.o
./structs/dynamic-array-field-initializer.o
./structs/dynamic-array-field-unknown-dimensions-redim.o
./structs/dynamic-array-field-unknown-dimensions.o
./structs/field-access-on-non-udt.o
./structs/field-init-no-implicit-let-overload.o
./structs/implicit-constcopyctor-impossible.o
./structs/implicit-copyctor-impossible.o
./structs/implicit-ctor-1.o
./structs/implicit-ctor-2.o
./structs/implicit-defctor-impossible.o
./structs/implicit-dtor-1.o
./structs/implicit-dtor-2.o
./structs/inherit-type-6.o
./structs/inherit-type-7.o
./structs/nested-type-2.o
./structs/nested-type-3.o
./structs/no-methods-inside-procs-1.o
./structs/no-methods-inside-procs-10.o
./structs/no-methods-inside-procs-11.o
./structs/no-methods-inside-procs-12.o
./structs/no-methods-inside-procs-13.o
./structs/no-methods-inside-procs-14.o
./structs/no-methods-inside-procs-15.o
./structs/no-methods-inside-procs-2.o
./structs/no-methods-inside-procs-3.o
./structs/no-methods-inside-procs-4.o
./structs/no-methods-inside-procs-5.o
./structs/no-methods-inside-procs-6.o
./structs/no-methods-inside-procs-7.o
./structs/no-methods-inside-procs-8.o
./structs/no-methods-inside-procs-9.o
./structs/no-static-member-var-in-nested-udt-1.o
./structs/no-static-member-var-in-nested-udt-2.o
./structs/obj-array-erase-ctor-mismatch-1.o
./structs/obj-array-erase-ctor-mismatch-2.o
./structs/obj-array-erase-dtor-mismatch.o
./structs/obj-array-missing-defctor.o
./structs/obj-array-private-defctor-1.o
./structs/obj_access_const.o
./structs/obj_access_const3.o
./structs/static-method-syntax-bad.o
./structs/static-non-member-proc.o
./structs/too-big.o
./structs/udt-array-mismatch.o
./structs/udt-enum-comparison.o
./swap/incompatible-1.o
./swap/incompatible-2.o
./swap/incompatible-3.o
./swap/incompatible-4.o
./threads/bad_call.o
./threads/threadcall_bad_anon_union.o
./threads/threadcall_bad_array.o
./threads/threadcall_bad_bitfield.o
./threads/threadcall_bad_call.o
./threads/threadcall_bad_class.o
./threads/threadcall_bad_function.o
./threads/threadcall_bad_pascal.o
./threads/threadcall_bad_union.o
./typedef/alias-ptr-limit.o
./typedef/backpatch-ptr-limit-1.o
./typedef/backpatch-ptr-limit-2.o
./typedef/backpatch-ptr-limit-3.o
./typedef/identifiers-fwdref-keyword.o
./typedef/type-or-fwdref-cant-be-omitted.o
./typedef/void.o
./virtual/abstract-object-1-direct.o
./virtual/abstract-object-1-inherited.o
./virtual/abstract-object-1-partial.o
./virtual/abstract-object-10.o
./virtual/abstract-object-11.o
./virtual/abstract-object-12.o
./virtual/abstract-object-13.o
./virtual/abstract-object-2.o
./virtual/abstract-object-3.o
./virtual/abstract-object-4.o
./virtual/abstract-object-5.o
./virtual/abstract-object-6.o
./virtual/abstract-object-7.o
./virtual/abstract-object-8.o
./virtual/abstract-object-9.o
./virtual/abstract-operator-delete.o
./virtual/abstract-operator-new.o
./virtual/abstract-operator-vectordelete.o
./virtual/abstract-operator-vectornew.o
./virtual/body-ctor-abstract.o
./virtual/body-ctor-virtual.o
./virtual/body-dtor-abstract.o
./virtual/body-method-abstract-1.o
./virtual/body-method-abstract-2.o
./virtual/body-method-abstract-3.o
./virtual/body-method-virtual.o
./virtual/body-normal-abstract-override.o
./virtual/body-normal-abstract.o
./virtual/body-normal-override.o
./virtual/body-normal-virtual-override.o
./virtual/body-normal-virtual.o
./virtual/declare-ctor-abstract.o
./virtual/declare-ctor-override.o
./virtual/declare-ctor-virtual.o
./virtual/declare-dtor-abstract.o
./virtual/declare-method-abstract-const.o
./virtual/declare-method-abstract-virtual.o
./virtual/declare-method-static-asbtract.o
./virtual/declare-method-static-virtual.o
./virtual/declare-method-virtual-abstract.o
./virtual/declare-method-virtual-const.o
./virtual/declare-method-virtual-static.o
./virtual/declare-normal-abstract-const.o
./virtual/declare-normal-abstract-override.o
./virtual/declare-normal-abstract-virtual.o
./virtual/declare-normal-abstract.o
./virtual/declare-normal-override.o
./virtual/declare-normal-static-asbtract.o
./virtual/declare-normal-static-virtual.o
./virtual/declare-normal-virtual-abstract.o
./virtual/declare-normal-virtual-const.o
./virtual/declare-normal-virtual-override.o
./virtual/declare-normal-virtual-static.o
./virtual/declare-normal-virtual.o
./virtual/explicit-base-abstract-function.o
./virtual/explicit-base-abstract-sub.o
./virtual/incompatible-override-1.o
./virtual/incompatible-override-10.o
./virtual/incompatible-override-11.o
./virtual/incompatible-override-2.o
./virtual/incompatible-override-3.o
./virtual/incompatible-override-4.o
./virtual/incompatible-override-5.o
./virtual/incompatible-override-6.o
./virtual/incompatible-override-7.o
./virtual/incompatible-override-8.o
./virtual/incompatible-override-9.o
./virtual/incompatible-override-bydesc-dimensions-1.o
./virtual/incompatible-override-bydesc-dimensions-2.o
./virtual/incompatible-override-bydesc-dimensions-3.o
./virtual/incompatible-override-bydesc-dimensions-4.o
./virtual/incompatible-override-constmember-1.o
./virtual/incompatible-override-constmember-2.o
./virtual/incompatible-override-constness.o
./virtual/incompatible-override-param-byval-contravariant.o
./virtual/incompatible-override-param-byval-covariant.o
./virtual/incompatible-override-return-byval-covariant-1.o
./virtual/incompatible-override-return-byval-covariant-2.o
./virtual/no-vptr-abstract.o
./virtual/no-vptr-virtual.o
./virtual/not-overriding-1.o
./virtual/not-overriding-2.o
./virtual/not-overriding-3.o
./virtual/not-overriding-4.o
./virtual/virtual-operator-delete.o
./virtual/virtual-operator-new.o
./virtual/virtual-operator-vectordelete.o
./virtual/virtual-operator-vectornew.o
./visibility/private-cast-protected-usage.o
./visibility/private-cast-public-usage.o
./visibility/private-const-protected-enuminit.o
./visibility/private-const-protected-namedenuminit.o
./visibility/private-const-protected-plainaccess.o
./visibility/private-const-public-enuminit.o
./visibility/private-const-public-namedenuminit.o
./visibility/private-const-public-plainaccess.o
./visibility/private-copyctor-protected-byvalarg.o
./visibility/private-copyctor-protected-dim.o
./visibility/private-copyctor-protected-new.o
./visibility/private-copyctor-public-byvalarg.o
./visibility/private-copyctor-public-dim.o
./visibility/private-copyctor-public-new.o
./visibility/private-ctor-protected-implicit-1.o
./visibility/private-ctor-protected-implicit-2.o
./visibility/private-ctor-protected-implicit-3.o
./visibility/private-ctor-protected-implicit-4.o
./visibility/private-ctor-protected-local.o
./visibility/private-ctor-protected-localarray.o
./visibility/private-ctor-protected-new.o
./visibility/private-ctor-protected-static.o
./visibility/private-ctor-protected-staticarray.o
./visibility/private-ctor-protected-vectornew.o
./visibility/private-ctor-public-field.o
./visibility/private-ctor-public-global.o
./visibility/private-ctor-public-globalarray.o
./visibility/private-ctor-public-local.o
./visibility/private-ctor-public-localarray.o
./visibility/private-ctor-public-new.o
./visibility/private-ctor-public-static.o
./visibility/private-ctor-public-staticarray.o
./visibility/private-ctor-public-vectornew.o
./visibility/private-delete-protected-usage.o
./visibility/private-delete-public-usage.o
./visibility/private-dtor-protected-delete.o
./visibility/private-dtor-protected-erase.o
./visibility/private-dtor-protected-implicit-1.o
./visibility/private-dtor-protected-implicit-2.o
./visibility/private-dtor-protected-local.o
./visibility/private-dtor-protected-localarray.o
./visibility/private-dtor-protected-static.o
./visibility/private-dtor-protected-staticarray.o
./visibility/private-dtor-protected-vectordelete.o
./visibility/private-dtor-public-delete.o
./visibility/private-dtor-public-erase.o
./visibility/private-dtor-public-field.o
./visibility/private-dtor-public-global.o
./visibility/private-dtor-public-globalarray.o
./visibility/private-dtor-public-local.o
./visibility/private-dtor-public-localarray.o
./visibility/private-dtor-public-static.o
./visibility/private-dtor-public-staticarray.o
./visibility/private-dtor-public-vectordelete.o
./visibility/private-enum-protected-access1.o
./visibility/private-enum-protected-access2.o
./visibility/private-enum-public-access1.o
./visibility/private-enum-public-access2.o
./visibility/private-field-protected-base.o
./visibility/private-field-protected-implicit.o
./visibility/private-field-protected-letudt.o
./visibility/private-field-protected-member.o
./visibility/private-field-protected-this.o
./visibility/private-field-public-init.o
./visibility/private-field-public-letudt.o
./visibility/private-field-public-member.o
./visibility/private-field-public-with.o
./visibility/private-method-protected-base.o
./visibility/private-method-protected-implicit.o
./visibility/private-method-protected-member.o
./visibility/private-method-protected-this.o
./visibility/private-method-public-member.o
./visibility/private-module-ctor.o
./visibility/private-module-dtor.o
./visibility/private-new-protected-usage.o
./visibility/private-new-public-usage.o
./visibility/private-op-for-protected-usage.o
./visibility/private-op-for-public-usage.o
./visibility/private-op-next-protected-usage.o
./visibility/private-op-next-public-usage.o
./visibility/private-op-step-protected-usage.o
./visibility/private-op-step-public-usage.o
./visibility/private-selfbop-protected-usage.o
./visibility/private-selfbop-public-usage.o
./visibility/private-selfuop-protected-usage.o
./visibility/private-selfuop-public-usage.o
./visibility/private-staticmethod-protected-addrofimplicit.o
./visibility/private-staticmethod-protected-addrofstaticmember1.o
./visibility/private-staticmethod-protected-addrofstaticmember2.o
./visibility/private-staticmethod-protected-base.o
./visibility/private-staticmethod-protected-implicit.o
./visibility/private-staticmethod-protected-member.o
./visibility/private-staticmethod-protected-procptrimplicit.o
./visibility/private-staticmethod-protected-procptrstaticmember1.o
./visibility/private-staticmethod-protected-procptrstaticmember2.o
./visibility/private-staticmethod-protected-staticmember1.o
./visibility/private-staticmethod-protected-staticmember2.o
./visibility/private-staticmethod-protected-this.o
./visibility/private-staticmethod-public-addrofstaticmember.o
./visibility/private-staticmethod-public-member.o
./visibility/private-staticmethod-public-procptrstaticmember.o
./visibility/private-staticmethod-public-staticmember.o
./visibility/private-var-protected-lhs-base.o
./visibility/private-var-protected-lhs-implicit.o
./visibility/private-var-protected-lhs-static.o
./visibility/private-var-protected-lhs-this.o
./visibility/private-var-protected-rhs-base.o
./visibility/private-var-protected-rhs-implicit.o
./visibility/private-var-protected-rhs-static.o
./visibility/private-var-protected-rhs-this.o
./visibility/private-var-public-lhs-indirect.o
./visibility/private-var-public-lhs-static.o
./visibility/private-var-public-rhs-indirect.o
./visibility/private-var-public-rhs-static.o
./visibility/protected-cast-public-usage.o
./visibility/protected-const-public-enuminit1.o
./visibility/protected-const-public-enuminit2.o
./visibility/protected-const-public-namedenuminit1.o
./visibility/protected-const-public-namedenuminit2.o
./visibility/protected-const-public-plainaccess1.o
./visibility/protected-const-public-plainaccess2.o
./visibility/protected-copyctor-public-byvalarg.o
./visibility/protected-copyctor-public-dim.o
./visibility/protected-copyctor-public-new.o
./visibility/protected-ctor-public-global.o
./visibility/protected-ctor-public-globalarray.o
./visibility/protected-ctor-public-local.o
./visibility/protected-ctor-public-localarray.o
./visibility/protected-ctor-public-new.o
./visibility/protected-ctor-public-static.o
./visibility/protected-ctor-public-staticarray.o
./visibility/protected-ctor-public-vectornew.o
./visibility/protected-delete-public-usage.o
./visibility/protected-dtor-public-delete.o
./visibility/protected-dtor-public-erase.o
./visibility/protected-dtor-public-global.o
./visibility/protected-dtor-public-globalarray.o
./visibility/protected-dtor-public-local.o
./visibility/protected-dtor-public-localarray.o
./visibility/protected-dtor-public-static.o
./visibility/protected-dtor-public-staticarray.o
./visibility/protected-dtor-public-vectordelete.o
./visibility/protected-enum-public-access1.o
./visibility/protected-enum-public-access2.o
./visibility/protected-field-public-init.o
./visibility/protected-field-public-letudt.o
./visibility/protected-field-public-member.o
./visibility/protected-field-public-with.o
./visibility/protected-method-public-member.o
./visibility/protected-module-ctor.o
./visibility/protected-module-dtor.o
./visibility/protected-new-public-usage.o
./visibility/protected-op-for-public-usage.o
./visibility/protected-op-next-public-usage.o
./visibility/protected-op-step-public-usage.o
./visibility/protected-selfbop-public-usage.o
./visibility/protected-selfuop-public-usage.o
./visibility/protected-staticmethod-public-addrofstaticmember.o
./visibility/protected-staticmethod-public-member.o
./visibility/protected-staticmethod-public-procptrstaticmember.o
./visibility/protected-staticmethod-public-staticmember.o
./visibility/protected-var-public-lhs-static.o
./visibility/protected-var-public-rhs-static.o
./pretest/compile_and_run_ok.o
./command-sweep/compiler-command-sweep.o
./command-sweep/gfxlib-command-sweep.o
./command-sweep/rtlib-command-sweep.o
./command-sweep/sfxlib-command-sweep.o
./crt/builtin.o
./crt/clong-prototype.o
./file/device-protocols.o
./file/dir-runtime.o
./file/tcp.o
./functions/argv.o
./functions/mangling-ctor-abbrev.o
./functions/mangling-fbstring-abbreviation.o
./functions/mangling-procptr-thisparam-1.o
./functions/mangling-procptr-thisparam-2.o
./functions/mangling-procptr.o
./functions/paraminit-mismatch-warning-1.o
./functions/paraminit-mismatch-warning-2.o
./gfx/getjoystick.o
./gfx/gettouch.o
./gfx/getxpad.o
./namespace/mangling-nested-namespace-abbreviation.o
./pp/typeof-no-dtors.o
./scopes/dtor_eol_eof1.o
./scopes/dtor_eol_eof2.o
./scopes/for-temp-unscoping-fblite.o
./scopes/for-temp-unscoping-qb.o
./scopes/lookup-local-main-1.o
./scopes/lookup-local-main-2.o
./scopes/select-temp-var-vs-unscoping-fb.o
./scopes/select-temp-var-vs-unscoping-fblite.o
./scopes/select-temp-var-vs-unscoping-qb.o
./scopes/unused-private-procs.o
./sfx/raw-write.o
./wstring/conv-ascii-wstring.o
./pretest/compile_and_run_fail.o
./pretest/multi_module_ok.o
./cpp/bop.o
./cpp/call.o
./cpp/call2.o
./cpp/class.o
./cpp/derived.o
./cpp/fastcall.o
./cpp/fbcall.o
./cpp/mangle-enum.o
./cpp/mangle-struct.o
./cpp/mangle.o
./cpp/this.o
./cpp/thiscall.o
./dim/mod_common/submod.o
./dim/mod_extern/submod.o
./dim/submod/submod.o
./functions/stack-align/stack-alignment.o
./namespace/cpp/cpp.o
./namespace/submod/submod.o
./sfx/capture-buffer.o
./sfx/convert-float-s16.o
./sfx/driver-dump.o
./sfx/driver-null.o
./sfx/lifecycle-stress.o
./sfx/noise-pitch.o
./sfx/play-64-voice-smoke.o
./sfx/render-polyphony.o
./sfx/render-tone.o
./sfx/sample-pitch.o
./sfx/sample-rate.o
./sfx/state.o
./pretest/multi_module_fail.o
